// Vitest Snapshot v1, https://vitest.dev/guide/snapshot.html

exports[`prettier > should return a config 1`] = `
{
  "arrowParens": "always",
  "bracketSameLine": false,
  "bracketSpacing": true,
  "endOfLine": "lf",
  "jsxSingleQuote": false,
  "printWidth": 80,
  "quoteProps": "consistent",
  "semi": true,
  "singleQuote": true,
  "tabWidth": 2,
  "trailingComma": "all",
  "useTabs": false,
}
`;
