// Jest Snapshot v1, https://goo.gl/fbAQLP

exports[`eslint with options should return a config for {
  language: 'JavaScript',
  environments: [ 'Browser', [length]: 1 ],
  frameworks: [ 'Emotion', [length]: 1 ]
} 1`] = `
Object {
  "env": Object {
    "Browser": true,
  },
  "extends": Array [
    "airbnb-base",
    "plugin:prettier/recommended",
  ],
  "globals": Object {
    "__DEV__": true,
    "__PRODUCTION__": true,
    "__TEST__": true,
  },
  "overrides": Array [
    Object {
      "files": Array [
        "*.config.js",
        ".*rc.js",
      ],
      "rules": Object {
        "import/no-extraneous-dependencies": Array [
          "error",
          Object {
            "devDependencies": true,
          },
        ],
      },
    },
  ],
  "parser": "babel-eslint",
  "parserOptions": Object {
    "allowImportExportEverywhere": true,
    "ecmaFeatures": Object {
      "ecmaVersion": 2017,
      "impliedStrict": true,
    },
  },
  "plugins": Array [
    "prettier",
    "emotion",
  ],
  "rules": Object {
    "curly": Array [
      "error",
      "all",
    ],
    "emotion/import-from-emotion": "error",
    "emotion/jsx-import": "error",
    "emotion/no-vanilla": "error",
    "emotion/styled-import": "error",
    "max-len": Array [
      "error",
      Object {
        "code": 80,
        "ignoreComments": true,
        "ignoreUrls": true,
        "tabWidth": 2,
      },
    ],
    "no-underscore-dangle": Array [
      "error",
      Object {
        "allow": Array [
          "__DEV__",
          "__PRODUCTION__",
          "__TEST__",
        ],
      },
    ],
    "no-use-before-define": Array [
      "error",
      Object {
        "functions": false,
      },
    ],
  },
}
`;

exports[`eslint with options should return a config for {
  language: 'JavaScript',
  environments: [ 'Browser', [length]: 1 ],
  frameworks: [ 'Jest', [length]: 1 ]
} 1`] = `
Object {
  "env": Object {
    "Browser": true,
  },
  "extends": Array [
    "airbnb-base",
    "plugin:prettier/recommended",
    "plugin:jest/recommended",
  ],
  "globals": Object {
    "__DEV__": true,
    "__PRODUCTION__": true,
    "__TEST__": true,
  },
  "overrides": Array [
    Object {
      "files": Array [
        "*.config.js",
        ".*rc.js",
      ],
      "rules": Object {
        "import/no-extraneous-dependencies": Array [
          "error",
          Object {
            "devDependencies": true,
          },
        ],
      },
    },
    Object {
      "env": Object {
        "jest": true,
      },
      "files": Array [
        "**/*spec.js",
      ],
      "globals": Object {
        "axe": true,
        "create": true,
        "render": true,
        "renderToHtml": true,
      },
      "rules": Object {
        "max-len": Array [
          "error",
          Object {
            "code": 80,
            "ignoreComments": true,
            "ignorePattern": "^\\\\s*it(?:\\\\.(?:skip|only))?\\\\(",
            "ignoreUrls": true,
            "tabWidth": 2,
          },
        ],
      },
    },
  ],
  "parser": "babel-eslint",
  "parserOptions": Object {
    "allowImportExportEverywhere": true,
    "ecmaFeatures": Object {
      "ecmaVersion": 2017,
      "impliedStrict": true,
    },
  },
  "plugins": Array [
    "prettier",
    "jest",
  ],
  "rules": Object {
    "curly": Array [
      "error",
      "all",
    ],
    "max-len": Array [
      "error",
      Object {
        "code": 80,
        "ignoreComments": true,
        "ignoreUrls": true,
        "tabWidth": 2,
      },
    ],
    "no-underscore-dangle": Array [
      "error",
      Object {
        "allow": Array [
          "__DEV__",
          "__PRODUCTION__",
          "__TEST__",
        ],
      },
    ],
    "no-use-before-define": Array [
      "error",
      Object {
        "functions": false,
      },
    ],
  },
}
`;

exports[`eslint with options should return a config for {
  language: 'JavaScript',
  environments: [ 'Browser', [length]: 1 ],
  frameworks: [ 'React', [length]: 1 ]
} 1`] = `
Object {
  "env": Object {
    "Browser": true,
  },
  "extends": Array [
    "airbnb-base",
    "plugin:prettier/recommended",
    "plugin:react/recommended",
    "plugin:jsx-a11y/recommended",
    "prettier/react",
  ],
  "globals": Object {
    "__DEV__": true,
    "__PRODUCTION__": true,
    "__TEST__": true,
  },
  "overrides": Array [
    Object {
      "files": Array [
        "*.config.js",
        ".*rc.js",
      ],
      "rules": Object {
        "import/no-extraneous-dependencies": Array [
          "error",
          Object {
            "devDependencies": true,
          },
        ],
      },
    },
  ],
  "parser": "babel-eslint",
  "parserOptions": Object {
    "allowImportExportEverywhere": true,
    "ecmaFeatures": Object {
      "ecmaVersion": 2017,
      "impliedStrict": true,
      "jsx": true,
    },
  },
  "plugins": Array [
    "prettier",
    "react",
    "react-hooks",
    "jsx-a11y",
  ],
  "rules": Object {
    "curly": Array [
      "error",
      "all",
    ],
    "max-len": Array [
      "error",
      Object {
        "code": 80,
        "ignoreComments": true,
        "ignoreUrls": true,
        "tabWidth": 2,
      },
    ],
    "no-underscore-dangle": Array [
      "error",
      Object {
        "allow": Array [
          "__DEV__",
          "__PRODUCTION__",
          "__TEST__",
        ],
      },
    ],
    "no-use-before-define": Array [
      "error",
      Object {
        "functions": false,
      },
    ],
    "react-hooks/exhaustive-deps": "warn",
    "react-hooks/rules-of-hooks": "error",
  },
}
`;

exports[`eslint with options should return a config for {
  language: 'JavaScript',
  environments: [ 'Node', [length]: 1 ],
  frameworks: [ 'Emotion', [length]: 1 ]
} 1`] = `
Object {
  "env": Object {
    "Node": true,
  },
  "extends": Array [
    "airbnb-base",
    "plugin:prettier/recommended",
  ],
  "globals": Object {
    "__DEV__": true,
    "__PRODUCTION__": true,
    "__TEST__": true,
  },
  "overrides": Array [
    Object {
      "files": Array [
        "*.config.js",
        ".*rc.js",
      ],
      "rules": Object {
        "import/no-extraneous-dependencies": Array [
          "error",
          Object {
            "devDependencies": true,
          },
        ],
      },
    },
  ],
  "parser": "babel-eslint",
  "parserOptions": Object {
    "allowImportExportEverywhere": true,
    "ecmaFeatures": Object {
      "ecmaVersion": 2017,
      "impliedStrict": true,
    },
  },
  "plugins": Array [
    "prettier",
    "emotion",
  ],
  "rules": Object {
    "curly": Array [
      "error",
      "all",
    ],
    "emotion/import-from-emotion": "error",
    "emotion/jsx-import": "error",
    "emotion/no-vanilla": "error",
    "emotion/styled-import": "error",
    "max-len": Array [
      "error",
      Object {
        "code": 80,
        "ignoreComments": true,
        "ignoreUrls": true,
        "tabWidth": 2,
      },
    ],
    "no-underscore-dangle": Array [
      "error",
      Object {
        "allow": Array [
          "__DEV__",
          "__PRODUCTION__",
          "__TEST__",
        ],
      },
    ],
    "no-use-before-define": Array [
      "error",
      Object {
        "functions": false,
      },
    ],
  },
}
`;

exports[`eslint with options should return a config for {
  language: 'JavaScript',
  environments: [ 'Node', [length]: 1 ],
  frameworks: [ 'Jest', [length]: 1 ]
} 1`] = `
Object {
  "env": Object {
    "Node": true,
  },
  "extends": Array [
    "airbnb-base",
    "plugin:prettier/recommended",
    "plugin:jest/recommended",
  ],
  "globals": Object {
    "__DEV__": true,
    "__PRODUCTION__": true,
    "__TEST__": true,
  },
  "overrides": Array [
    Object {
      "files": Array [
        "*.config.js",
        ".*rc.js",
      ],
      "rules": Object {
        "import/no-extraneous-dependencies": Array [
          "error",
          Object {
            "devDependencies": true,
          },
        ],
      },
    },
    Object {
      "env": Object {
        "jest": true,
      },
      "files": Array [
        "**/*spec.js",
      ],
      "globals": Object {
        "axe": true,
        "create": true,
        "render": true,
        "renderToHtml": true,
      },
      "rules": Object {
        "max-len": Array [
          "error",
          Object {
            "code": 80,
            "ignoreComments": true,
            "ignorePattern": "^\\\\s*it(?:\\\\.(?:skip|only))?\\\\(",
            "ignoreUrls": true,
            "tabWidth": 2,
          },
        ],
      },
    },
  ],
  "parser": "babel-eslint",
  "parserOptions": Object {
    "allowImportExportEverywhere": true,
    "ecmaFeatures": Object {
      "ecmaVersion": 2017,
      "impliedStrict": true,
    },
  },
  "plugins": Array [
    "prettier",
    "jest",
  ],
  "rules": Object {
    "curly": Array [
      "error",
      "all",
    ],
    "max-len": Array [
      "error",
      Object {
        "code": 80,
        "ignoreComments": true,
        "ignoreUrls": true,
        "tabWidth": 2,
      },
    ],
    "no-underscore-dangle": Array [
      "error",
      Object {
        "allow": Array [
          "__DEV__",
          "__PRODUCTION__",
          "__TEST__",
        ],
      },
    ],
    "no-use-before-define": Array [
      "error",
      Object {
        "functions": false,
      },
    ],
  },
}
`;

exports[`eslint with options should return a config for {
  language: 'JavaScript',
  environments: [ 'Node', [length]: 1 ],
  frameworks: [ 'React', [length]: 1 ]
} 1`] = `
Object {
  "env": Object {
    "Node": true,
  },
  "extends": Array [
    "airbnb-base",
    "plugin:prettier/recommended",
    "plugin:react/recommended",
    "plugin:jsx-a11y/recommended",
    "prettier/react",
  ],
  "globals": Object {
    "__DEV__": true,
    "__PRODUCTION__": true,
    "__TEST__": true,
  },
  "overrides": Array [
    Object {
      "files": Array [
        "*.config.js",
        ".*rc.js",
      ],
      "rules": Object {
        "import/no-extraneous-dependencies": Array [
          "error",
          Object {
            "devDependencies": true,
          },
        ],
      },
    },
  ],
  "parser": "babel-eslint",
  "parserOptions": Object {
    "allowImportExportEverywhere": true,
    "ecmaFeatures": Object {
      "ecmaVersion": 2017,
      "impliedStrict": true,
      "jsx": true,
    },
  },
  "plugins": Array [
    "prettier",
    "react",
    "react-hooks",
    "jsx-a11y",
  ],
  "rules": Object {
    "curly": Array [
      "error",
      "all",
    ],
    "max-len": Array [
      "error",
      Object {
        "code": 80,
        "ignoreComments": true,
        "ignoreUrls": true,
        "tabWidth": 2,
      },
    ],
    "no-underscore-dangle": Array [
      "error",
      Object {
        "allow": Array [
          "__DEV__",
          "__PRODUCTION__",
          "__TEST__",
        ],
      },
    ],
    "no-use-before-define": Array [
      "error",
      Object {
        "functions": false,
      },
    ],
    "react-hooks/exhaustive-deps": "warn",
    "react-hooks/rules-of-hooks": "error",
  },
}
`;

exports[`eslint with options should return a config for {
  language: 'TypeScript',
  environments: [ 'Browser', [length]: 1 ],
  frameworks: [ 'Emotion', [length]: 1 ]
} 1`] = `
Object {
  "env": Object {
    "Browser": true,
  },
  "extends": Array [
    "airbnb-base",
    "plugin:prettier/recommended",
  ],
  "globals": Object {
    "__DEV__": true,
    "__PRODUCTION__": true,
    "__TEST__": true,
  },
  "overrides": Array [
    Object {
      "files": Array [
        "*.config.js",
        ".*rc.js",
      ],
      "rules": Object {
        "import/no-extraneous-dependencies": Array [
          "error",
          Object {
            "devDependencies": true,
          },
        ],
      },
    },
  ],
  "parser": "babel-eslint",
  "parserOptions": Object {
    "allowImportExportEverywhere": true,
    "ecmaFeatures": Object {
      "ecmaVersion": 2017,
      "impliedStrict": true,
    },
  },
  "plugins": Array [
    "prettier",
    "emotion",
  ],
  "rules": Object {
    "curly": Array [
      "error",
      "all",
    ],
    "emotion/import-from-emotion": "error",
    "emotion/jsx-import": "error",
    "emotion/no-vanilla": "error",
    "emotion/styled-import": "error",
    "max-len": Array [
      "error",
      Object {
        "code": 80,
        "ignoreComments": true,
        "ignoreUrls": true,
        "tabWidth": 2,
      },
    ],
    "no-underscore-dangle": Array [
      "error",
      Object {
        "allow": Array [
          "__DEV__",
          "__PRODUCTION__",
          "__TEST__",
        ],
      },
    ],
    "no-use-before-define": Array [
      "error",
      Object {
        "functions": false,
      },
    ],
  },
}
`;

exports[`eslint with options should return a config for {
  language: 'TypeScript',
  environments: [ 'Browser', [length]: 1 ],
  frameworks: [ 'Jest', [length]: 1 ]
} 1`] = `
Object {
  "env": Object {
    "Browser": true,
  },
  "extends": Array [
    "airbnb-base",
    "plugin:prettier/recommended",
    "plugin:jest/recommended",
  ],
  "globals": Object {
    "__DEV__": true,
    "__PRODUCTION__": true,
    "__TEST__": true,
  },
  "overrides": Array [
    Object {
      "files": Array [
        "*.config.js",
        ".*rc.js",
      ],
      "rules": Object {
        "import/no-extraneous-dependencies": Array [
          "error",
          Object {
            "devDependencies": true,
          },
        ],
      },
    },
    Object {
      "env": Object {
        "jest": true,
      },
      "files": Array [
        "**/*spec.js",
      ],
      "globals": Object {
        "axe": true,
        "create": true,
        "render": true,
        "renderToHtml": true,
      },
      "rules": Object {
        "max-len": Array [
          "error",
          Object {
            "code": 80,
            "ignoreComments": true,
            "ignorePattern": "^\\\\s*it(?:\\\\.(?:skip|only))?\\\\(",
            "ignoreUrls": true,
            "tabWidth": 2,
          },
        ],
      },
    },
  ],
  "parser": "babel-eslint",
  "parserOptions": Object {
    "allowImportExportEverywhere": true,
    "ecmaFeatures": Object {
      "ecmaVersion": 2017,
      "impliedStrict": true,
    },
  },
  "plugins": Array [
    "prettier",
    "jest",
  ],
  "rules": Object {
    "curly": Array [
      "error",
      "all",
    ],
    "max-len": Array [
      "error",
      Object {
        "code": 80,
        "ignoreComments": true,
        "ignoreUrls": true,
        "tabWidth": 2,
      },
    ],
    "no-underscore-dangle": Array [
      "error",
      Object {
        "allow": Array [
          "__DEV__",
          "__PRODUCTION__",
          "__TEST__",
        ],
      },
    ],
    "no-use-before-define": Array [
      "error",
      Object {
        "functions": false,
      },
    ],
  },
}
`;

exports[`eslint with options should return a config for {
  language: 'TypeScript',
  environments: [ 'Browser', [length]: 1 ],
  frameworks: [ 'React', [length]: 1 ]
} 1`] = `
Object {
  "env": Object {
    "Browser": true,
  },
  "extends": Array [
    "airbnb-base",
    "plugin:prettier/recommended",
    "plugin:react/recommended",
    "plugin:jsx-a11y/recommended",
    "prettier/react",
  ],
  "globals": Object {
    "__DEV__": true,
    "__PRODUCTION__": true,
    "__TEST__": true,
  },
  "overrides": Array [
    Object {
      "files": Array [
        "*.config.js",
        ".*rc.js",
      ],
      "rules": Object {
        "import/no-extraneous-dependencies": Array [
          "error",
          Object {
            "devDependencies": true,
          },
        ],
      },
    },
  ],
  "parser": "babel-eslint",
  "parserOptions": Object {
    "allowImportExportEverywhere": true,
    "ecmaFeatures": Object {
      "ecmaVersion": 2017,
      "impliedStrict": true,
      "jsx": true,
    },
  },
  "plugins": Array [
    "prettier",
    "react",
    "react-hooks",
    "jsx-a11y",
  ],
  "rules": Object {
    "curly": Array [
      "error",
      "all",
    ],
    "max-len": Array [
      "error",
      Object {
        "code": 80,
        "ignoreComments": true,
        "ignoreUrls": true,
        "tabWidth": 2,
      },
    ],
    "no-underscore-dangle": Array [
      "error",
      Object {
        "allow": Array [
          "__DEV__",
          "__PRODUCTION__",
          "__TEST__",
        ],
      },
    ],
    "no-use-before-define": Array [
      "error",
      Object {
        "functions": false,
      },
    ],
    "react-hooks/exhaustive-deps": "warn",
    "react-hooks/rules-of-hooks": "error",
  },
}
`;

exports[`eslint with options should return a config for {
  language: 'TypeScript',
  environments: [ 'Node', [length]: 1 ],
  frameworks: [ 'Emotion', [length]: 1 ]
} 1`] = `
Object {
  "env": Object {
    "Node": true,
  },
  "extends": Array [
    "airbnb-base",
    "plugin:prettier/recommended",
  ],
  "globals": Object {
    "__DEV__": true,
    "__PRODUCTION__": true,
    "__TEST__": true,
  },
  "overrides": Array [
    Object {
      "files": Array [
        "*.config.js",
        ".*rc.js",
      ],
      "rules": Object {
        "import/no-extraneous-dependencies": Array [
          "error",
          Object {
            "devDependencies": true,
          },
        ],
      },
    },
  ],
  "parser": "babel-eslint",
  "parserOptions": Object {
    "allowImportExportEverywhere": true,
    "ecmaFeatures": Object {
      "ecmaVersion": 2017,
      "impliedStrict": true,
    },
  },
  "plugins": Array [
    "prettier",
    "emotion",
  ],
  "rules": Object {
    "curly": Array [
      "error",
      "all",
    ],
    "emotion/import-from-emotion": "error",
    "emotion/jsx-import": "error",
    "emotion/no-vanilla": "error",
    "emotion/styled-import": "error",
    "max-len": Array [
      "error",
      Object {
        "code": 80,
        "ignoreComments": true,
        "ignoreUrls": true,
        "tabWidth": 2,
      },
    ],
    "no-underscore-dangle": Array [
      "error",
      Object {
        "allow": Array [
          "__DEV__",
          "__PRODUCTION__",
          "__TEST__",
        ],
      },
    ],
    "no-use-before-define": Array [
      "error",
      Object {
        "functions": false,
      },
    ],
  },
}
`;

exports[`eslint with options should return a config for {
  language: 'TypeScript',
  environments: [ 'Node', [length]: 1 ],
  frameworks: [ 'Jest', [length]: 1 ]
} 1`] = `
Object {
  "env": Object {
    "Node": true,
  },
  "extends": Array [
    "airbnb-base",
    "plugin:prettier/recommended",
    "plugin:jest/recommended",
  ],
  "globals": Object {
    "__DEV__": true,
    "__PRODUCTION__": true,
    "__TEST__": true,
  },
  "overrides": Array [
    Object {
      "files": Array [
        "*.config.js",
        ".*rc.js",
      ],
      "rules": Object {
        "import/no-extraneous-dependencies": Array [
          "error",
          Object {
            "devDependencies": true,
          },
        ],
      },
    },
    Object {
      "env": Object {
        "jest": true,
      },
      "files": Array [
        "**/*spec.js",
      ],
      "globals": Object {
        "axe": true,
        "create": true,
        "render": true,
        "renderToHtml": true,
      },
      "rules": Object {
        "max-len": Array [
          "error",
          Object {
            "code": 80,
            "ignoreComments": true,
            "ignorePattern": "^\\\\s*it(?:\\\\.(?:skip|only))?\\\\(",
            "ignoreUrls": true,
            "tabWidth": 2,
          },
        ],
      },
    },
  ],
  "parser": "babel-eslint",
  "parserOptions": Object {
    "allowImportExportEverywhere": true,
    "ecmaFeatures": Object {
      "ecmaVersion": 2017,
      "impliedStrict": true,
    },
  },
  "plugins": Array [
    "prettier",
    "jest",
  ],
  "rules": Object {
    "curly": Array [
      "error",
      "all",
    ],
    "max-len": Array [
      "error",
      Object {
        "code": 80,
        "ignoreComments": true,
        "ignoreUrls": true,
        "tabWidth": 2,
      },
    ],
    "no-underscore-dangle": Array [
      "error",
      Object {
        "allow": Array [
          "__DEV__",
          "__PRODUCTION__",
          "__TEST__",
        ],
      },
    ],
    "no-use-before-define": Array [
      "error",
      Object {
        "functions": false,
      },
    ],
  },
}
`;

exports[`eslint with options should return a config for {
  language: 'TypeScript',
  environments: [ 'Node', [length]: 1 ],
  frameworks: [ 'React', [length]: 1 ]
} 1`] = `
Object {
  "env": Object {
    "Node": true,
  },
  "extends": Array [
    "airbnb-base",
    "plugin:prettier/recommended",
    "plugin:react/recommended",
    "plugin:jsx-a11y/recommended",
    "prettier/react",
  ],
  "globals": Object {
    "__DEV__": true,
    "__PRODUCTION__": true,
    "__TEST__": true,
  },
  "overrides": Array [
    Object {
      "files": Array [
        "*.config.js",
        ".*rc.js",
      ],
      "rules": Object {
        "import/no-extraneous-dependencies": Array [
          "error",
          Object {
            "devDependencies": true,
          },
        ],
      },
    },
  ],
  "parser": "babel-eslint",
  "parserOptions": Object {
    "allowImportExportEverywhere": true,
    "ecmaFeatures": Object {
      "ecmaVersion": 2017,
      "impliedStrict": true,
      "jsx": true,
    },
  },
  "plugins": Array [
    "prettier",
    "react",
    "react-hooks",
    "jsx-a11y",
  ],
  "rules": Object {
    "curly": Array [
      "error",
      "all",
    ],
    "max-len": Array [
      "error",
      Object {
        "code": 80,
        "ignoreComments": true,
        "ignoreUrls": true,
        "tabWidth": 2,
      },
    ],
    "no-underscore-dangle": Array [
      "error",
      Object {
        "allow": Array [
          "__DEV__",
          "__PRODUCTION__",
          "__TEST__",
        ],
      },
    ],
    "no-use-before-define": Array [
      "error",
      Object {
        "functions": false,
      },
    ],
    "react-hooks/exhaustive-deps": "warn",
    "react-hooks/rules-of-hooks": "error",
  },
}
`;

exports[`eslint with options should return a config with a copyright notice 1`] = `
Object {
  "extends": Array [
    "airbnb-base",
    "plugin:prettier/recommended",
  ],
  "globals": Object {
    "__DEV__": true,
    "__PRODUCTION__": true,
    "__TEST__": true,
  },
  "overrides": Array [
    Object {
      "files": Array [
        "*.config.js",
        ".*rc.js",
      ],
      "rules": Object {
        "import/no-extraneous-dependencies": Array [
          "error",
          Object {
            "devDependencies": true,
          },
        ],
      },
    },
  ],
  "parser": "babel-eslint",
  "parserOptions": Object {
    "allowImportExportEverywhere": true,
    "ecmaFeatures": Object {
      "ecmaVersion": 2017,
      "impliedStrict": true,
    },
  },
  "plugins": Array [
    "prettier",
    "notice",
  ],
  "rules": Object {
    "curly": Array [
      "error",
      "all",
    ],
    "max-len": Array [
      "error",
      Object {
        "code": 80,
        "ignoreComments": true,
        "ignoreUrls": true,
        "tabWidth": 2,
      },
    ],
    "no-underscore-dangle": Array [
      "error",
      Object {
        "allow": Array [
          "__DEV__",
          "__PRODUCTION__",
          "__TEST__",
        ],
      },
    ],
    "no-use-before-define": Array [
      "error",
      Object {
        "functions": false,
      },
    ],
    "notice/notice": Array [
      "error",
      Object {
        "onNonMatchingHeader": "report",
        "template": "/**
 * Copyright <%= YEAR %>, <%= NAME %>
 * Licensed under the Apache License, Version 2.0 (the \\"License\\");
 * you may not use this file except in compliance with the License.
 * You may obtain a copy of the License at
 *
 * http://www.apache.org/licenses/LICENSE-2.0
 *
 * Unless required by applicable law or agreed to in writing, software
 * distributed under the License is distributed on an \\"AS IS\\" BASIS,
 * WITHOUT WARRANTIES OR CONDITIONS OF ANY KIND, either express or implied.
 * See the License for the specific language governing permissions and
 * limitations under the License.
 */

",
        "templateVars": Object {
          "NAME": "SumUp Ltd.",
        },
        "varRegexps": Object {
          "NAME": /SumUp Ltd\\\\\\./,
        },
      },
    ],
  },
}
`;
